af.json: 826 keys PASS
am.json: 826 keys PASS
ar.json: 826 keys PASS
ber.json: 826 keys PASS
bg.json: 826 keys PASS
cs.json: 826 keys PASS
da.json: 826 keys PASS
de.json: 826 keys PASS
el.json: 826 keys PASS
en.json: 826 keys PASS
es.json: 826 keys PASS
et.json: 826 keys PASS
fi.json: 826 keys PASS
fr.json: 826 keys PASS
ga.json: 826 keys PASS
hr.json: 826 keys PASS
hu.json: 826 keys PASS
id.json: 826 keys PASS
is.json: 826 keys PASS
it.json: 826 keys PASS
ja.json: 826 keys PASS
lt.json: 826 keys PASS
lv.json: 826 keys PASS
mg.json: 826 keys PASS
mt.json: 826 keys PASS
nd.json: 826 keys PASS
nl.json: 826 keys PASS
no.json: 826 keys PASS
nr.json: 826 keys PASS
nso.json: 826 keys PASS
ny.json: 826 keys PASS
pl.json: 826 keys PASS
pt.json: 826 keys PASS
rn.json: 826 keys PASS
ro.json: 826 keys PASS
rw.json: 826 keys PASS
sk.json: 826 keys PASS
sl.json: 826 keys PASS
sn.json: 826 keys PASS
so.json: 826 keys PASS
ss.json: 826 keys PASS
st.json: 826 keys PASS
sv.json: 826 keys PASS
sw.json: 826 keys PASS
th.json: 826 keys PASS
ti.json: 826 keys PASS
tn.json: 826 keys PASS
tr.json: 826 keys PASS
ts.json: 826 keys PASS
uk.json: 826 keys PASS
ve.json: 826 keys PASS
xh.json: 826 keys PASS
zh-CN.json: 826 keys PASS
zh-TW.json: 826 keys PASS
zu.json: 826 keys PASS
PASS: all locale JSON files parse and match the English key set.
