de: 0 mixed-English candidates
fr: 0 mixed-English candidates
es: 0 mixed-English candidates
it: 0 mixed-English candidates
pt: 0 mixed-English candidates
nl: 0 mixed-English candidates
pl: 0 mixed-English candidates
cs: 0 mixed-English candidates
sk: 0 mixed-English candidates
sl: 0 mixed-English candidates
hr: 0 mixed-English candidates
hu: 0 mixed-English candidates
ro: 0 mixed-English candidates
bg: 0 mixed-English candidates
el: 0 mixed-English candidates
sv: 0 mixed-English candidates
da: 0 mixed-English candidates
fi: 0 mixed-English candidates
et: 0 mixed-English candidates
lv: 0 mixed-English candidates
lt: 0 mixed-English candidates
ga: 0 mixed-English candidates
mt: 0 mixed-English candidates
is: 0 mixed-English candidates
no: 0 mixed-English candidates
uk: 0 mixed-English candidates
tr: 0 mixed-English candidates
id: 0 mixed-English candidates
th: 0 mixed-English candidates
zh-CN: 0 mixed-English candidates
zh-TW: 0 mixed-English candidates
ja: 0 mixed-English candidates
ar: 0 mixed-English candidates
af: 0 mixed-English candidates
am: 0 mixed-English candidates
sw: 0 mixed-English candidates
so: 0 mixed-English candidates
ti: 0 mixed-English candidates
rw: 0 mixed-English candidates
rn: 0 mixed-English candidates
st: 0 mixed-English candidates
tn: 0 mixed-English candidates
ss: 0 mixed-English candidates
zu: 0 mixed-English candidates
xh: 0 mixed-English candidates
mg: 0 mixed-English candidates
ny: 0 mixed-English candidates
sn: 0 mixed-English candidates
nd: 0 mixed-English candidates
nso: 0 mixed-English candidates
ts: 0 mixed-English candidates
ve: 0 mixed-English candidates
nr: 0 mixed-English candidates
ber: 0 mixed-English candidates
PASS: no mixed-English candidates in audited complete locales.
